#-----------------------------------------------------------
# Vivado v2015.4 (64-bit)
# SW Build 1412921 on Wed Nov 18 09:43:45 MST 2015
# IP Build 1412160 on Tue Nov 17 13:47:24 MST 2015
# Start of session at: Wed Dec 30 19:26:40 2015
# Process ID: 9260
# Current directory: C:/vhdl_cpu/rtl_model/vivado_project
# Command line: vivado.exe -gui_launcher_event rodinguilauncherevent4284 C:\vhdl_cpu\rtl_model\vivado_project\cpu_rtl.xpr
# Log file: C:/vhdl_cpu/rtl_model/vivado_project/vivado.log
# Journal file: C:/vhdl_cpu/rtl_model/vivado_project\vivado.jou
#-----------------------------------------------------------
start_gui
open_project C:/vhdl_cpu/rtl_model/vivado_project/cpu_rtl.xpr
add_files -norecurse C:/vhdl_cpu/rtl_model/Test/cpu_memory_pack.vhd
reorder_files -front C:/vhdl_cpu/rtl_model/Test/cpu_memory_pack.vhd
reorder_files -after C:/vhdl_cpu/rtl_model/cpu_subprogram_pack.vhd C:/vhdl_cpu/rtl_model/Test/cpu_memory_pack.vhd
reorder_files -after C:/vhdl_cpu/rtl_model/cpu_defs_pack.vhd C:/vhdl_cpu/rtl_model/Test/cpu_memory_pack.vhd
reorder_files -front C:/vhdl_cpu/rtl_model/Test/cpu_textio_pack.vhd
reorder_files -after C:/vhdl_cpu/rtl_model/cpu_subprogram_pack.vhd C:/vhdl_cpu/rtl_model/Test/cpu_textio_pack.vhd
reorder_files -after C:/vhdl_cpu/rtl_model/cpu_defs_pack.vhd C:/vhdl_cpu/rtl_model/Test/cpu_textio_pack.vhd
launch_simulation
launch_simulation
launch_simulation
launch_simulation
launch_simulation
launch_simulation
launch_simulation
launch_simulation
launch_simulation
launch_simulation
launch_simulation
launch_simulation
source System.tcl
close_sim
launch_simulation
source System.tcl
close_sim
launch_runs impl_1 -to_step write_bitstream -jobs 4
wait_on_run impl_1
launch_simulation
launch_simulation
launch_simulation
source System.tcl
close_sim
launch_simulation
source System.tcl
close_sim
